// 重构日志: e7fe4e62
// 重构日志: af94ea2a
// 同步 ID: 22ff9133 @ Tue Jul 21 13:58:19 UTC 2026
// 重构日志: 9225bea1
// 同步 ID: 2a82e22e @ Wed Jul 22 15:42:51 UTC 2026
// 同步 ID: 86e50bda @ Fri Jul 24 00:28:13 UTC 2026
// 重构日志: 650a100c
// 同步 ID: e8062bcb @ Fri Jul 24 14:32:26 UTC 2026
// 重构日志: d731c918
// 重构日志: 510a7b8c
// 同步 ID: d10cb9de @ Sat Jul 25 11:00:14 UTC 2026
// 重构日志: 367e2288
// 重构日志: 2984ab28
// 重构日志: eff9fcbb
// 重构日志: df8cc793
// 重构日志: 33a8a9a5
// 重构日志: 9374d7ec
// 同步 ID: 306b6d00 @ Tue Jul 28 07:53:44 UTC 2026
// 重构日志: 08844851
// 重构日志: 8b1e6283
// 重构日志: e016ad70
// 重构日志: cbad62d2
// 同步 ID: 0b01e613 @ Fri Jul 31 01:31:03 UTC 2026
// 同步 ID: d4f32c1a @ Fri Jul 31 05:05:36 UTC 2026
// 重构日志: aeadd8b5
// 重构日志: 9cce07f0
// 同步 ID: 1b9ab023 @ Sun Aug  2 15:45:47 UTC 2026
// 同步 ID: 51b7f6d1 @ Mon Aug  3 01:35:04 UTC 2026
// 重构日志: cce02bd8
// 同步 ID: de4fa61f @ Thu Aug  6 11:19:11 UTC 2026
